---
source: src/tests/cfg_snaps.rs
assertion_line: 56
expression: cfg

---
#struct0_Point {
  x: Int
  y: Int
}

[intrinsic] #fn0_add(lhs, rhs)
[intrinsic] #fn1_sub(lhs, rhs)
[intrinsic] #fn2_mul(lhs, rhs)
[intrinsic] #fn3_eq(lhs, rhs)
[intrinsic] #fn4_not(rhs)

#fn5_main():
  bb0():
    %0 = Int(2)
    %1 = Int(7)
    %2 = #struct0_Point{ x: %0, y: %1 }
    %3 = (%2,)
    %4 = [closure](#fn6_captures, box %3)
    %5 = (%4,)
    %6 = [closure](#fn8_calls_funcs, box %5)
    %7 = #fn7_no_captures
    %8 = Int(2)
    %9 = (%4)(%8)
    print %9
    %10 = Int(3)
    %11 = (%4)(%10)
    print %11
    %12 = Int(6)
    %13 = #fn7_no_captures(%12)
    print %13
    %14 = Int(7)
    %15 = (%7)(%14)
    print %15
    %16 = (%6)()
    print %16
    %17 = Int(1)
    %18 = Bool(true)
    %19 = (%17, %18)
    %20 = (%19).1
    cond %20: bb1(), bb2()

  bb1():
    %21 = Int(1)
    %22 = Int(2)
    %23 = #fn0_add(%17, %22)
    %24 = #fn0_add(%21, %23)
    print %24
    jmp bb3()

  bb2():
    jmp bb3()

  bb3():
    %25 = Int(0)
    ret %25


#fn6_captures(%0_arg: Int, %4_[closure]: &(Point,)):
  bb0(%0, %4):
    %1 = (%4).0
    %2 = (%1).y
    %3 = #fn0_add(%0, %2)
    ret %3


#fn7_no_captures(%0_arg: Int):
  bb0(%0):
    %1 = #fn0_add(%0, %0)
    ret %1


#fn8_calls_funcs(%6_[closure]: &(fn (Int) -> Int,)):
  bb0(%6):
    %0 = (%6).0
    %1 = Int(23)
    %2 = (%0)(%1)
    %3 = Int(29)
    %4 = #fn7_no_captures(%3)
    %5 = #fn0_add(%2, %4)
    ret %5


