---
source: src/tests/cfg_snaps.rs
assertion_line: 86
expression: cfg

---
[intrinsic] #fn0_add(lhs, rhs)
[intrinsic] #fn1_sub(lhs, rhs)
[intrinsic] #fn2_mul(lhs, rhs)
[intrinsic] #fn3_eq(lhs, rhs)
[intrinsic] #fn4_not(rhs)

#fn5_main():
  bb0():
    %0 = Bool(true)
    %1 = Int(3)
    %2 = stack_alloc() (slot 0)
    %2.* = %1
    jmp bb1()

  bb1():
    %3 = #fn3_eq
    %4 = %2.*
    %5 = Int(0)
    %6 = (%3)(%4, %5)
    cond %6: bb3(), bb4()

  bb2():
    %15 = Int(0)
    ret %15

  bb3():
    jmp bb2()
    jmp bb5()

  bb4():
    jmp bb5()

  bb5():
    %7 = #fn1_sub
    %8 = %2.*
    %9 = Int(1)
    %10 = (%7)(%8, %9)
    %2.* = %10
    %11 = %2.*
    print %11
    jmp bb6()

  bb6():
    %12 = Str("hello")
    print %12
    cond %0: bb8(), bb9()

  bb7():
    %14 = Str("looped!")
    print %14
    jmp bb1()

  bb8():
    jmp bb7()
    jmp bb10()

  bb9():
    jmp bb6()
    jmp bb10()

  bb10():
    %13 = Str("unreachable")
    print %13
    jmp bb6()


