---
source: src/tests/cfg_snaps.rs
assertion_line: 56
expression: cfg

---
#struct0_Point {
  x: Int
  y: Int
}

[intrinsic] #fn0_add(lhs, rhs)
[intrinsic] #fn1_sub(lhs, rhs)
[intrinsic] #fn2_mul(lhs, rhs)
[intrinsic] #fn3_eq(lhs, rhs)
[intrinsic] #fn4_not(rhs)

#fn5_main():
  bb0():
    %1 = Int(2)
    %2 = Int(7)
    %3 = #struct0_Point{ 0: %1, 1: %2 }
    %4 = (%3,)
    %5 = heap_alloc()
    %5.* = %4
    %6 = [closure](#fn6_captures, %5)
    %7 = %6
    %8 = (%7,)
    %9 = heap_alloc()
    %9.* = %8
    %10 = [closure](#fn8_calls_funcs, %9)
    %11 = %6
    %12 = #fn7_no_captures
    %13 = Int(2)
    %14 = (%6)(%13)
    print %14
    %15 = Int(3)
    %16 = (%11)(%15)
    print %16
    %17 = Int(6)
    %18 = #fn7_no_captures(%17)
    print %18
    %19 = Int(7)
    %20 = (%12)(%19)
    print %20
    %21 = (%10)()
    print %21
    %22 = Int(1)
    %23 = Bool(true)
    %24 = (%22, %23)
    %25 = %24.1
    cond %25: bb2(), bb4()

  bb1(%0):
    drop %12
    drop %11
    drop %10
    drop %6
    ret

  bb2():
    %27 = Int(1)
    %28 = Int(2)
    %29 = #fn0_add(%22, %28)
    %30 = #fn0_add(%27, %29)
    print %30
    %31 = Int(0)
    jmp bb3(%31)

  bb3(%26):
    exit? %26: end(bb6()), parent(bb1(%26))

  bb4():
    %33 = Int(0)
    jmp bb5(%33)

  bb5(%32):
    exit? %32: end(bb6()), parent(bb1(%32))

  bb6():
    %34 = Int(0)
    *ret = %34
    %35 = Int(1)
    jmp bb1(%35)


#fn6_captures(%0_arg: Int, %6_[closure]: &(Point,)):
  bb0(%0, %6):
    %2 = %6.*.0
    %3 = %2.1
    %4 = #fn0_add(%0, %3)
    *ret = %4
    %5 = Int(1)
    jmp bb1(%5)

  bb1(%1):
    ret


#fn7_no_captures(%0_arg: Int):
  bb0(%0):
    %2 = #fn0_add(%0, %0)
    *ret = %2
    %3 = Int(1)
    jmp bb1(%3)

  bb1(%1):
    ret


#fn8_calls_funcs(%8_[closure]: &(fn (Int) -> Int,)):
  bb0(%8):
    %1 = %8.*.0
    %2 = Int(23)
    %3 = (%1)(%2)
    %4 = Int(29)
    %5 = #fn7_no_captures(%4)
    %6 = #fn0_add(%3, %5)
    *ret = %6
    %7 = Int(1)
    jmp bb1(%7)

  bb1(%0):
    ret


